// Jest Snapshot v1, https://goo.gl/fbAQLP

exports[`App renders correctly 1`] = `
<View
  style={
    {
      "backgroundColor": "#FFFFFF",
      "flex": 1,
    }
  }
>
  <RCTSafeAreaView>
    <View
      accessibilityState={
        {
          "busy": undefined,
          "checked": undefined,
          "disabled": undefined,
          "expanded": undefined,
          "selected": undefined,
        }
      }
      accessibilityValue={
        {
          "max": undefined,
          "min": undefined,
          "now": undefined,
          "text": undefined,
        }
      }
      accessible={true}
      collapsable={false}
      focusable={true}
      onClick={[Function]}
      onResponderGrant={[Function]}
      onResponderMove={[Function]}
      onResponderRelease={[Function]}
      onResponderTerminate={[Function]}
      onResponderTerminationRequest={[Function]}
      onStartShouldSetResponder={[Function]}
      style={
        {
          "alignItems": "center",
          "backgroundColor": "#AED7A0",
          "borderColor": "#AED7A0",
          "borderRadius": 10,
          "borderWidth": 0.5,
          "justifyContent": "center",
          "margin": 60,
          "opacity": 1,
        }
      }
    >
      <Text
        style={
          {
            "color": "#000000",
            "fontFamily": "Avenir",
            "fontSize": 17,
            "fontWeight": "500",
            "margin": 10,
          }
        }
      >
        Click to see Next To Go races
      </Text>
    </View>
    <View
      style={
        {
          "bottom": 20,
          "margin": 10,
        }
      }
    >
      <RCTScrollView
        data={[]}
        getItem={[Function]}
        getItemCount={[Function]}
        keyExtractor={[Function]}
        onContentSizeChange={[Function]}
        onLayout={[Function]}
        onMomentumScrollBegin={[Function]}
        onMomentumScrollEnd={[Function]}
        onScroll={[Function]}
        onScrollBeginDrag={[Function]}
        onScrollEndDrag={[Function]}
        removeClippedSubviews={false}
        renderItem={[Function]}
        scrollEventThrottle={0.0001}
        stickyHeaderIndices={[]}
        viewabilityConfigCallbackPairs={[]}
      >
        <View />
      </RCTScrollView>
    </View>
  </RCTSafeAreaView>
</View>
`;
